c:\users\icema\onedrive\documents\github\quake2-full\ctf\release\vc145.pdb
c:\users\icema\onedrive\documents\github\quake2-full\ctf\release\p_client.obj
c:\users\icema\onedrive\documents\github\quake2-full\ctf\release\m_move.obj
c:\users\icema\onedrive\documents\github\quake2-full\ctf\release\g_weapon.obj
c:\users\icema\onedrive\documents\github\quake2-full\ctf\release\g_utils.obj
c:\users\icema\onedrive\documents\github\quake2-full\ctf\release\g_trigger.obj
c:\users\icema\onedrive\documents\github\quake2-full\ctf\release\g_target.obj
c:\users\icema\onedrive\documents\github\quake2-full\ctf\release\g_svcmds.obj
c:\users\icema\onedrive\documents\github\quake2-full\ctf\release\g_spawn.obj
c:\users\icema\onedrive\documents\github\quake2-full\ctf\release\g_save.obj
c:\users\icema\onedrive\documents\github\quake2-full\ctf\release\g_phys.obj
c:\users\icema\onedrive\documents\github\quake2-full\ctf\release\g_monster.obj
c:\users\icema\onedrive\documents\github\quake2-full\ctf\release\g_misc.obj
c:\users\icema\onedrive\documents\github\quake2-full\ctf\release\g_main.obj
c:\users\icema\onedrive\documents\github\quake2-full\ctf\release\g_items.obj
c:\users\icema\onedrive\documents\github\quake2-full\ctf\release\g_func.obj
c:\users\icema\onedrive\documents\github\quake2-full\ctf\release\g_ctf.obj
c:\users\icema\onedrive\documents\github\quake2-full\ctf\release\g_combat.obj
c:\users\icema\onedrive\documents\github\quake2-full\ctf\release\g_cmds.obj
c:\users\icema\onedrive\documents\github\quake2-full\ctf\release\g_chase.obj
c:\users\icema\onedrive\documents\github\quake2-full\ctf\release\g_ai.obj
c:\users\icema\onedrive\documents\github\quake2-full\ctf\release\q_shared.obj
c:\users\icema\onedrive\documents\github\quake2-full\ctf\release\p_weapon.obj
c:\users\icema\onedrive\documents\github\quake2-full\ctf\release\p_view.obj
c:\users\icema\onedrive\documents\github\quake2-full\ctf\release\p_trail.obj
c:\users\icema\onedrive\documents\github\quake2-full\ctf\release\p_menu.obj
c:\users\icema\onedrive\documents\github\quake2-full\ctf\release\p_hud.obj
c:\users\icema\onedrive\documents\github\quake2-full\ctf\release\vc143.pdb
c:\users\icema\onedrive\documents\github\quake2-full\ctf\release\gamex86.dll
c:\users\icema\onedrive\documents\github\quake2-full\ctf\release\ctf.pdb
c:\users\icema\onedrive\documents\github\quake2-full\ctf\release\gamex86.lib
c:\users\icema\onedrive\documents\github\quake2-full\ctf\release\gamex86.exp
c:\users\icema\onedrive\documents\github\quake2-full\ctf\release\ctf.tlog\cl.command.1.tlog
c:\users\icema\onedrive\documents\github\quake2-full\ctf\release\ctf.tlog\cl.items.tlog
c:\users\icema\onedrive\documents\github\quake2-full\ctf\release\ctf.tlog\cl.read.1.tlog
c:\users\icema\onedrive\documents\github\quake2-full\ctf\release\ctf.tlog\cl.write.1.tlog
c:\users\icema\onedrive\documents\github\quake2-full\ctf\release\ctf.tlog\link.command.1.tlog
c:\users\icema\onedrive\documents\github\quake2-full\ctf\release\ctf.tlog\link.read.1.tlog
c:\users\icema\onedrive\documents\github\quake2-full\ctf\release\ctf.tlog\link.secondary.1.tlog
c:\users\icema\onedrive\documents\github\quake2-full\ctf\release\ctf.tlog\link.write.1.tlog
