c:\users\icema\onedrive\documents\github\quake2-full\release\cvar.obj
c:\users\icema\onedrive\documents\github\quake2-full\release\crc.obj
c:\users\icema\onedrive\documents\github\quake2-full\release\console.obj
c:\users\icema\onedrive\documents\github\quake2-full\release\conproc.obj
c:\users\icema\onedrive\documents\github\quake2-full\release\common.obj
c:\users\icema\onedrive\documents\github\quake2-full\release\cmodel.obj
c:\users\icema\onedrive\documents\github\quake2-full\release\cmd.obj
c:\users\icema\onedrive\documents\github\quake2-full\release\cl_view.obj
c:\users\icema\onedrive\documents\github\quake2-full\release\cl_tent.obj
c:\users\icema\onedrive\documents\github\quake2-full\release\cl_scrn.obj
c:\users\icema\onedrive\documents\github\quake2-full\release\cl_pred.obj
c:\users\icema\onedrive\documents\github\quake2-full\release\cl_parse.obj
c:\users\icema\onedrive\documents\github\quake2-full\release\cl_newfx.obj
c:\users\icema\onedrive\documents\github\quake2-full\release\cl_main.obj
c:\users\icema\onedrive\documents\github\quake2-full\release\cl_inv.obj
c:\users\icema\onedrive\documents\github\quake2-full\release\cl_input.obj
c:\users\icema\onedrive\documents\github\quake2-full\release\cl_fx.obj
c:\users\icema\onedrive\documents\github\quake2-full\release\cl_ents.obj
c:\users\icema\onedrive\documents\github\quake2-full\release\cl_cin.obj
c:\users\icema\onedrive\documents\github\quake2-full\release\cd_win.obj
c:\users\icema\onedrive\documents\github\quake2-full\release\sv_init.obj
c:\users\icema\onedrive\documents\github\quake2-full\release\sv_game.obj
c:\users\icema\onedrive\documents\github\quake2-full\release\sv_ents.obj
c:\users\icema\onedrive\documents\github\quake2-full\release\sv_ccmds.obj
c:\users\icema\onedrive\documents\github\quake2-full\release\snd_win.obj
c:\users\icema\onedrive\documents\github\quake2-full\release\snd_mix.obj
c:\users\icema\onedrive\documents\github\quake2-full\release\snd_mem.obj
c:\users\icema\onedrive\documents\github\quake2-full\release\snd_dma.obj
c:\users\icema\onedrive\documents\github\quake2-full\release\qmenu.obj
c:\users\icema\onedrive\documents\github\quake2-full\release\q_shwin.obj
c:\users\icema\onedrive\documents\github\quake2-full\release\q_shared.obj
c:\users\icema\onedrive\documents\github\quake2-full\release\pmove.obj
c:\users\icema\onedrive\documents\github\quake2-full\release\net_wins.obj
c:\users\icema\onedrive\documents\github\quake2-full\release\net_chan.obj
c:\users\icema\onedrive\documents\github\quake2-full\release\menu.obj
c:\users\icema\onedrive\documents\github\quake2-full\release\md4.obj
c:\users\icema\onedrive\documents\github\quake2-full\release\m_flash.obj
c:\users\icema\onedrive\documents\github\quake2-full\release\keys.obj
c:\users\icema\onedrive\documents\github\quake2-full\release\in_win.obj
c:\users\icema\onedrive\documents\github\quake2-full\release\files.obj
c:\users\icema\onedrive\documents\github\quake2-full\release\x86.obj
c:\users\icema\onedrive\documents\github\quake2-full\release\vid_menu.obj
c:\users\icema\onedrive\documents\github\quake2-full\release\vid_dll.obj
c:\users\icema\onedrive\documents\github\quake2-full\release\sys_win.obj
c:\users\icema\onedrive\documents\github\quake2-full\release\sv_world.obj
c:\users\icema\onedrive\documents\github\quake2-full\release\sv_user.obj
c:\users\icema\onedrive\documents\github\quake2-full\release\sv_send.obj
c:\users\icema\onedrive\documents\github\quake2-full\release\sv_main.obj
c:\users\icema\onedrive\documents\github\quake2-full\release\quake2.exe
c:\users\icema\onedrive\documents\github\quake2-full\release\q2.res
c:\users\icema\onedrive\documents\github\quake2-full\release\gamex86.exp
c:\users\icema\onedrive\documents\github\quake2-full\release\quake2.tlog\cl.command.1.tlog
c:\users\icema\onedrive\documents\github\quake2-full\release\quake2.tlog\cl.items.tlog
c:\users\icema\onedrive\documents\github\quake2-full\release\quake2.tlog\cl.read.1.tlog
c:\users\icema\onedrive\documents\github\quake2-full\release\quake2.tlog\cl.write.1.tlog
c:\users\icema\onedrive\documents\github\quake2-full\release\quake2.tlog\link.command.1.tlog
c:\users\icema\onedrive\documents\github\quake2-full\release\quake2.tlog\link.read.1.tlog
c:\users\icema\onedrive\documents\github\quake2-full\release\quake2.tlog\link.secondary.1.tlog
c:\users\icema\onedrive\documents\github\quake2-full\release\quake2.tlog\link.write.1.tlog
c:\users\icema\onedrive\documents\github\quake2-full\release\quake2.tlog\rc.command.1.tlog
c:\users\icema\onedrive\documents\github\quake2-full\release\quake2.tlog\rc.read.1.tlog
c:\users\icema\onedrive\documents\github\quake2-full\release\quake2.tlog\rc.write.1.tlog
